[02/Dec/2007:17:34:15 -0500] category=CORE severity=NOTICE msgID=458886 msg=OpenDS Directory Server 1.0.0-build007 starting up
[02/Dec/2007:17:34:20 -0500] category=CONFIG severity=NOTICE msgID=3605006 msg=Access control has been enabled and will use the org.opends.server.authorization.dseecompat.AciHandler implementation
[02/Dec/2007:17:34:21 -0500] category=JEB severity=NOTICE msgID=8847402 msg=The database backend userRoot containing 0 entries has started
[02/Dec/2007:17:34:22 -0500] category=CORE severity=NOTICE msgID=458887 msg=The Directory Server has started successfully
[02/Dec/2007:17:34:22 -0500] category=CORE severity=NOTICE msgID=458891 msg=The Directory Server has sent an alert notification generated by class org.opends.server.core.DirectoryServer (alert type org.opends.server.DirectoryServerStarted, alert ID 458887):  The Directory Server has started successfully
